#-----------------------------------------------------------
# Vivado v2025.2 (64-bit)
# SW Build 6299465 on Fri Nov 14 19:35:11 GMT 2025
# IP Build 6300035 on Fri Nov 14 10:48:45 MST 2025
# SharedData Build 6298862 on Thu Nov 13 04:50:51 MST 2025
# Start of session at: Wed May 20 15:21:05 2026
# Process ID         : 17012
# Current directory  : E:/Vivado/PROJECT/first_zynq_design/first_zynq_design.runs/first_zynq_system_axi_gpio_0_0_synth_1
# Command line       : vivado.exe -log first_zynq_system_axi_gpio_0_0.vds -product Vivado -mode batch -messageDb vivado.pb -notrace -source first_zynq_system_axi_gpio_0_0.tcl
# Log file           : E:/Vivado/PROJECT/first_zynq_design/first_zynq_design.runs/first_zynq_system_axi_gpio_0_0_synth_1/first_zynq_system_axi_gpio_0_0.vds
# Journal file       : E:/Vivado/PROJECT/first_zynq_design/first_zynq_design.runs/first_zynq_system_axi_gpio_0_0_synth_1\vivado.jou
# Running On         : nglmnhat
# Platform           : Windows Server 2016 or Windows 10
# Operating System   : 26200
# Processor Detail   : Intel(R) Core(TM) i7-8665U CPU @ 1.90GHz
# CPU Frequency      : 2112 MHz
# CPU Physical cores : 4
# CPU Logical cores  : 8
# Host memory        : 16943 MB
# Swap memory        : 1073 MB
# Total Virtual      : 18017 MB
# Available Virtual  : 3262 MB
#-----------------------------------------------------------
source first_zynq_system_axi_gpio_0_0.tcl -notrace
