
*** Running vivado
    with args -log first_zynq_system_wrapper.vdi -applog -m64 -product Vivado -messageDb vivado.pb -mode batch -source first_zynq_system_wrapper.tcl -notrace



****** Vivado v2025.2 (64-bit)
  **** SW Build 6299465 on Fri Nov 14 19:35:11 GMT 2025
  **** IP Build 6300035 on Fri Nov 14 10:48:45 MST 2025
  **** SharedData Build 6298862 on Thu Nov 13 04:50:51 MST 2025
  **** Start of session at: Wed May 20 15:25:14 2026
    ** Copyright 1986-2022 Xilinx, Inc. All Rights Reserved.
    ** Copyright 2022-2025 Advanced Micro Devices, Inc. All Rights Reserved.

source first_zynq_system_wrapper.tcl -notrace
create_project: Time (s): cpu = 00:00:17 ; elapsed = 00:00:10 . Memory (MB): peak = 542.371 ; gain = 222.875
INFO: [IP_Flow 19-234] Refreshing IP repositories
INFO: [IP_Flow 19-1704] No user IP repositories specified
INFO: [IP_Flow 19-2313] Loaded Vivado IP repository 'E:/Vivado/2025.2/Vivado/data/ip'.
Command: link_design -top first_zynq_system_wrapper -part xc7z020clg484-1
Design is defaulting to srcset: sources_1
Design is defaulting to constrset: constrs_1
INFO: [Device 21-403] Loading part xc7z020clg484-1
INFO: [Project 1-5699] Read binary netlist with skipMacroContent - 1
INFO: [Project 1-454] Reading design checkpoint 'e:/Vivado/PROJECT/first_zynq_design/first_zynq_design.gen/sources_1/bd/first_zynq_system/ip/first_zynq_system_axi_gpio_0_0/first_zynq_system_axi_gpio_0_0.dcp' for cell 'first_zynq_system_i/axi_gpio_0'
INFO: [Project 1-454] Reading design checkpoint 'e:/Vivado/PROJECT/first_zynq_design/first_zynq_design.gen/sources_1/bd/first_zynq_system/ip/first_zynq_system_axi_smc_0/first_zynq_system_axi_smc_0.dcp' for cell 'first_zynq_system_i/axi_smc'
INFO: [Project 1-454] Reading design checkpoint 'e:/Vivado/PROJECT/first_zynq_design/first_zynq_design.gen/sources_1/bd/first_zynq_system/ip/first_zynq_system_processing_system7_0_0/first_zynq_system_processing_system7_0_0.dcp' for cell 'first_zynq_system_i/processing_system7_0'
INFO: [Project 1-454] Reading design checkpoint 'e:/Vivado/PROJECT/first_zynq_design/first_zynq_design.gen/sources_1/bd/first_zynq_system/ip/first_zynq_system_rst_ps7_0_100M_0/first_zynq_system_rst_ps7_0_100M_0.dcp' for cell 'first_zynq_system_i/rst_ps7_0_100M'
Netlist sorting complete. Time (s): cpu = 00:00:00 ; elapsed = 00:00:00.189 . Memory (MB): peak = 842.871 ; gain = 0.000
INFO: [Netlist 29-17] Analyzing 11 Unisim elements for replacement
INFO: [Netlist 29-28] Unisim Transformation completed in 0 CPU seconds
INFO: [Project 1-479] Netlist was created with Vivado 2025.2
INFO: [Project 1-570] Preparing netlist for logic optimization
Parsing XDC File [e:/Vivado/PROJECT/first_zynq_design/first_zynq_design.gen/sources_1/bd/first_zynq_system/ip/first_zynq_system_processing_system7_0_0/first_zynq_system_processing_system7_0_0.xdc] for cell 'first_zynq_system_i/processing_system7_0/inst'
Finished Parsing XDC File [e:/Vivado/PROJECT/first_zynq_design/first_zynq_design.gen/sources_1/bd/first_zynq_system/ip/first_zynq_system_processing_system7_0_0/first_zynq_system_processing_system7_0_0.xdc] for cell 'first_zynq_system_i/processing_system7_0/inst'
Parsing XDC File [e:/Vivado/PROJECT/first_zynq_design/first_zynq_design.gen/sources_1/bd/first_zynq_system/ip/first_zynq_system_axi_gpio_0_0/first_zynq_system_axi_gpio_0_0_board.xdc] for cell 'first_zynq_system_i/axi_gpio_0/U0'
Finished Parsing XDC File [e:/Vivado/PROJECT/first_zynq_design/first_zynq_design.gen/sources_1/bd/first_zynq_system/ip/first_zynq_system_axi_gpio_0_0/first_zynq_system_axi_gpio_0_0_board.xdc] for cell 'first_zynq_system_i/axi_gpio_0/U0'
Parsing XDC File [e:/Vivado/PROJECT/first_zynq_design/first_zynq_design.gen/sources_1/bd/first_zynq_system/ip/first_zynq_system_axi_smc_0/bd_0/ip/ip_1/bd_5364_psr_aclk_0_board.xdc] for cell 'first_zynq_system_i/axi_smc/inst/clk_map/psr_aclk/U0'
Finished Parsing XDC File [e:/Vivado/PROJECT/first_zynq_design/first_zynq_design.gen/sources_1/bd/first_zynq_system/ip/first_zynq_system_axi_smc_0/bd_0/ip/ip_1/bd_5364_psr_aclk_0_board.xdc] for cell 'first_zynq_system_i/axi_smc/inst/clk_map/psr_aclk/U0'
Parsing XDC File [e:/Vivado/PROJECT/first_zynq_design/first_zynq_design.gen/sources_1/bd/first_zynq_system/ip/first_zynq_system_axi_smc_0/smartconnect.xdc] for cell 'first_zynq_system_i/axi_smc/inst'
Finished Parsing XDC File [e:/Vivado/PROJECT/first_zynq_design/first_zynq_design.gen/sources_1/bd/first_zynq_system/ip/first_zynq_system_axi_smc_0/smartconnect.xdc] for cell 'first_zynq_system_i/axi_smc/inst'
Parsing XDC File [e:/Vivado/PROJECT/first_zynq_design/first_zynq_design.gen/sources_1/bd/first_zynq_system/ip/first_zynq_system_rst_ps7_0_100M_0/first_zynq_system_rst_ps7_0_100M_0_board.xdc] for cell 'first_zynq_system_i/rst_ps7_0_100M/U0'
Finished Parsing XDC File [e:/Vivado/PROJECT/first_zynq_design/first_zynq_design.gen/sources_1/bd/first_zynq_system/ip/first_zynq_system_rst_ps7_0_100M_0/first_zynq_system_rst_ps7_0_100M_0_board.xdc] for cell 'first_zynq_system_i/rst_ps7_0_100M/U0'
INFO: [Project 1-1714] 19 XPM XDC files have been applied to the design.
INFO: [Opt 31-138] Pushed 0 inverter(s) to 0 load pin(s).
Netlist sorting complete. Time (s): cpu = 00:00:00 ; elapsed = 00:00:00.003 . Memory (MB): peak = 1540.699 ; gain = 0.000
INFO: [Project 1-111] Unisim Transformation Summary:
No Unisim elements were transformed.

16 Infos, 0 Warnings, 0 Critical Warnings and 0 Errors encountered.
link_design completed successfully
link_design: Time (s): cpu = 00:00:21 ; elapsed = 00:00:23 . Memory (MB): peak = 1540.699 ; gain = 962.727
Command: opt_design
Attempting to get a license for feature 'Implementation' and/or device 'xc7z020'
INFO: [Common 17-349] Got license for feature 'Implementation' and/or device 'xc7z020'
Running DRC as a precondition to command opt_design

Starting DRC Task
INFO: [DRC 23-27] Running DRC with 2 threads
INFO: [Project 1-461] DRC finished with 0 Errors
INFO: [Project 1-462] Please refer to the DRC report (report_drc) for more information.

Time (s): cpu = 00:00:02 ; elapsed = 00:00:02 . Memory (MB): peak = 1540.699 ; gain = 0.000

Starting Cache Timing Information Task
INFO: [Timing 38-35] Done setting XDC timing constraints.
Ending Cache Timing Information Task | Checksum: 285dcf9c4

Time (s): cpu = 00:00:00 ; elapsed = 00:00:00.220 . Memory (MB): peak = 1540.699 ; gain = 0.000

Starting Logic Optimization Task

Phase 1 Initialization

Phase 1.1 Core Generation And Design Setup
Phase 1.1 Core Generation And Design Setup | Checksum: 285dcf9c4

Time (s): cpu = 00:00:00 ; elapsed = 00:00:00.012 . Memory (MB): peak = 1977.660 ; gain = 0.000

Phase 1.2 Setup Constraints And Sort Netlist
Phase 1.2 Setup Constraints And Sort Netlist | Checksum: 285dcf9c4

Time (s): cpu = 00:00:00 ; elapsed = 00:00:00.020 . Memory (MB): peak = 1977.660 ; gain = 0.000
Phase 1 Initialization | Checksum: 285dcf9c4

Time (s): cpu = 00:00:00 ; elapsed = 00:00:00.023 . Memory (MB): peak = 1977.660 ; gain = 0.000

Phase 2 Timer Update And Timing Data Collection

Phase 2.1 Detect if minReqCache needed
Phase 2.1 Detect if minReqCache needed | Checksum: 285dcf9c4

Time (s): cpu = 00:00:00 ; elapsed = 00:00:00.043 . Memory (MB): peak = 1977.660 ; gain = 0.000

Phase 2.2 Timer Update
Phase 2.2 Timer Update | Checksum: 285dcf9c4

Time (s): cpu = 00:00:00 ; elapsed = 00:00:00.095 . Memory (MB): peak = 1977.660 ; gain = 0.000

Phase 2.3 Timing Data Collection
Phase 2.3 Timing Data Collection | Checksum: 285dcf9c4

Time (s): cpu = 00:00:00 ; elapsed = 00:00:00.104 . Memory (MB): peak = 1977.660 ; gain = 0.000
Phase 2 Timer Update And Timing Data Collection | Checksum: 285dcf9c4

Time (s): cpu = 00:00:00 ; elapsed = 00:00:00.106 . Memory (MB): peak = 1977.660 ; gain = 0.000

Phase 3 Retarget
INFO: [Opt 31-1851] Number of loadless carry chains removed were: 0
INFO: [Opt 31-1834] Total Chains To Be Transformed Were: 0 AND Number of Transformed insts Created are: 0
INFO: [Opt 31-138] Pushed 10 inverter(s) to 35 load pin(s).
INFO: [Opt 31-49] Retargeted 0 cell(s).
Phase 3 Retarget | Checksum: 1b4edae53

Time (s): cpu = 00:00:00 ; elapsed = 00:00:00.284 . Memory (MB): peak = 1977.660 ; gain = 0.000
Retarget | Checksum: 1b4edae53
INFO: [Opt 31-389] Phase Retarget created 8 cells and removed 43 cells
INFO: [Opt 31-1021] In phase Retarget, 20 netlist objects are constrained preventing optimization. Please run opt_design with -debug_log to get more detail. 

Phase 4 Constant propagation
INFO: [Opt 31-138] Pushed 2 inverter(s) to 2 load pin(s).
Phase 4 Constant propagation | Checksum: 2877c1a5c

Time (s): cpu = 00:00:00 ; elapsed = 00:00:00.391 . Memory (MB): peak = 1977.660 ; gain = 0.000
Constant propagation | Checksum: 2877c1a5c
INFO: [Opt 31-389] Phase Constant propagation created 44 cells and removed 83 cells
INFO: [Opt 31-1021] In phase Constant propagation, 20 netlist objects are constrained preventing optimization. Please run opt_design with -debug_log to get more detail. 

Phase 5 Sweep
INFO: [Constraints 18-11670] Building netlist checker database with flags, 0x8
Done building netlist checker database: Time (s): cpu = 00:00:00 ; elapsed = 00:00:00.001 . Memory (MB): peak = 1977.660 ; gain = 0.000
INFO: [Constraints 18-11670] Building netlist checker database with flags, 0x8
Done building netlist checker database: Time (s): cpu = 00:00:00 ; elapsed = 00:00:00.002 . Memory (MB): peak = 1977.660 ; gain = 0.000
Phase 5 Sweep | Checksum: 26bb42ccb

Time (s): cpu = 00:00:01 ; elapsed = 00:00:01 . Memory (MB): peak = 1977.660 ; gain = 0.000
Sweep | Checksum: 26bb42ccb
INFO: [Opt 31-389] Phase Sweep created 8 cells and removed 156 cells
INFO: [Opt 31-1021] In phase Sweep, 25 netlist objects are constrained preventing optimization. Please run opt_design with -debug_log to get more detail. 

Phase 6 BUFG optimization
Phase 6 BUFG optimization | Checksum: 26bb42ccb

Time (s): cpu = 00:00:01 ; elapsed = 00:00:01 . Memory (MB): peak = 1977.660 ; gain = 0.000
BUFG optimization | Checksum: 26bb42ccb
INFO: [Opt 31-662] Phase BUFG optimization created 0 cells of which 0 are BUFGs and removed 0 cells.

Phase 7 Shift Register Optimization
INFO: [Opt 31-1064] SRL Remap converted 0 SRLs to 0 registers and converted 0 registers of register chains to 0 SRLs
Phase 7 Shift Register Optimization | Checksum: 26bb42ccb

Time (s): cpu = 00:00:01 ; elapsed = 00:00:01 . Memory (MB): peak = 1977.660 ; gain = 0.000
Shift Register Optimization | Checksum: 26bb42ccb
INFO: [Opt 31-389] Phase Shift Register Optimization created 0 cells and removed 0 cells

Phase 8 Post Processing Netlist
Phase 8 Post Processing Netlist | Checksum: 266440c1a

Time (s): cpu = 00:00:01 ; elapsed = 00:00:01 . Memory (MB): peak = 1977.660 ; gain = 0.000
Post Processing Netlist | Checksum: 266440c1a
INFO: [Opt 31-389] Phase Post Processing Netlist created 0 cells and removed 0 cells
INFO: [Opt 31-1021] In phase Post Processing Netlist, 20 netlist objects are constrained preventing optimization. Please run opt_design with -debug_log to get more detail. 

Phase 9 Finalization

Phase 9.1 Finalizing Design Cores and Updating Shapes
Phase 9.1 Finalizing Design Cores and Updating Shapes | Checksum: 1d034950f

Time (s): cpu = 00:00:02 ; elapsed = 00:00:01 . Memory (MB): peak = 1977.660 ; gain = 0.000

Phase 9.2 Verifying Netlist Connectivity

Starting Connectivity Check Task

Time (s): cpu = 00:00:00 ; elapsed = 00:00:00.031 . Memory (MB): peak = 1977.660 ; gain = 0.000
Phase 9.2 Verifying Netlist Connectivity | Checksum: 1d034950f

Time (s): cpu = 00:00:02 ; elapsed = 00:00:02 . Memory (MB): peak = 1977.660 ; gain = 0.000
Phase 9 Finalization | Checksum: 1d034950f

Time (s): cpu = 00:00:02 ; elapsed = 00:00:02 . Memory (MB): peak = 1977.660 ; gain = 0.000
Opt_design Change Summary
=========================


-------------------------------------------------------------------------------------------------------------------------
|  Phase                        |  #Cells created  |  #Cells Removed  |  #Constrained objects preventing optimizations  |
-------------------------------------------------------------------------------------------------------------------------
|  Retarget                     |               8  |              43  |                                             20  |
|  Constant propagation         |              44  |              83  |                                             20  |
|  Sweep                        |               8  |             156  |                                             25  |
|  BUFG optimization            |               0  |               0  |                                              0  |
|  Shift Register Optimization  |               0  |               0  |                                              0  |
|  Post Processing Netlist      |               0  |               0  |                                             20  |
-------------------------------------------------------------------------------------------------------------------------


Ending Logic Optimization Task | Checksum: 1d034950f

Time (s): cpu = 00:00:02 ; elapsed = 00:00:02 . Memory (MB): peak = 1977.660 ; gain = 0.000

Starting Power Optimization Task
INFO: [Pwropt 34-132] Skipping clock gating for clocks with a period < 2.00 ns.
Ending Power Optimization Task | Checksum: 1d034950f

Time (s): cpu = 00:00:00 ; elapsed = 00:00:00.031 . Memory (MB): peak = 1977.660 ; gain = 0.000

Starting Final Cleanup Task
Ending Final Cleanup Task | Checksum: 1d034950f

Time (s): cpu = 00:00:00 ; elapsed = 00:00:00.003 . Memory (MB): peak = 1977.660 ; gain = 0.000
Netlist sorting complete. Time (s): cpu = 00:00:00 ; elapsed = 00:00:00.002 . Memory (MB): peak = 1977.660 ; gain = 0.000
INFO: [Common 17-83] Releasing license: Implementation
41 Infos, 0 Warnings, 0 Critical Warnings and 0 Errors encountered.
opt_design completed successfully
opt_design: Time (s): cpu = 00:00:10 ; elapsed = 00:00:10 . Memory (MB): peak = 1977.660 ; gain = 436.961
INFO: [Vivado 12-24828] Executing command : report_drc -file first_zynq_system_wrapper_drc_opted.rpt -pb first_zynq_system_wrapper_drc_opted.pb -rpx first_zynq_system_wrapper_drc_opted.rpx
Command: report_drc -file first_zynq_system_wrapper_drc_opted.rpt -pb first_zynq_system_wrapper_drc_opted.pb -rpx first_zynq_system_wrapper_drc_opted.rpx
INFO: [IP_Flow 19-1839] IP Catalog is up to date.
INFO: [DRC 23-27] Running DRC with 2 threads
INFO: [Vivado_Tcl 2-168] The results of DRC are in file E:/Vivado/PROJECT/first_zynq_design/first_zynq_design.runs/impl_1/first_zynq_system_wrapper_drc_opted.rpt.
report_drc completed successfully
INFO: [Timing 38-480] Writing timing data to binary archive.
Wrote PlaceDB: Time (s): cpu = 00:00:00 ; elapsed = 00:00:00 . Memory (MB): peak = 1977.660 ; gain = 0.000
Wrote PulsedLatchDB: Time (s): cpu = 00:00:00 ; elapsed = 00:00:00.001 . Memory (MB): peak = 1977.660 ; gain = 0.000
Writing XDEF routing.
Write ShapeDB Complete: Time (s): cpu = 00:00:00 ; elapsed = 00:00:00.019 . Memory (MB): peak = 1977.660 ; gain = 0.000
Writing XDEF routing logical nets.
Writing XDEF routing special nets.
Wrote RouteStorage: Time (s): cpu = 00:00:00 ; elapsed = 00:00:00.055 . Memory (MB): peak = 1977.660 ; gain = 0.000
Wrote PlaceStorage: Time (s): cpu = 00:00:00 ; elapsed = 00:00:00.028 . Memory (MB): peak = 1977.660 ; gain = 0.000
Wrote Netlist Cache: Time (s): cpu = 00:00:00 ; elapsed = 00:00:00.005 . Memory (MB): peak = 1977.660 ; gain = 0.000
Wrote Device Cache: Time (s): cpu = 00:00:00 ; elapsed = 00:00:00.034 . Memory (MB): peak = 1977.660 ; gain = 0.000
Write Physdb Complete: Time (s): cpu = 00:00:00 ; elapsed = 00:00:00.147 . Memory (MB): peak = 1977.660 ; gain = 0.000
INFO: [Common 17-1381] The checkpoint 'E:/Vivado/PROJECT/first_zynq_design/first_zynq_design.runs/impl_1/first_zynq_system_wrapper_opt.dcp' has been generated.
Command: place_design
Attempting to get a license for feature 'Implementation' and/or device 'xc7z020'
INFO: [Common 17-349] Got license for feature 'Implementation' and/or device 'xc7z020'
INFO: [Common 17-83] Releasing license: Implementation
INFO: [DRC 23-27] Running DRC with 2 threads
INFO: [Vivado_Tcl 4-198] DRC finished with 0 Errors
INFO: [Vivado_Tcl 4-199] Please refer to the DRC report (report_drc) for more information.
INFO: [Timing 38-35] Done setting XDC timing constraints.
Running DRC as a precondition to command place_design
INFO: [DRC 23-27] Running DRC with 2 threads
INFO: [Vivado_Tcl 4-198] DRC finished with 0 Errors
INFO: [Vivado_Tcl 4-199] Please refer to the DRC report (report_drc) for more information.
INFO: [Place 30-611] Multithreading enabled for place_design using a maximum of 2 CPUs

Starting Placer Task

Phase 1 Placer Initialization

Phase 1.1 Placer Initialization Netlist Sorting
Netlist sorting complete. Time (s): cpu = 00:00:00 ; elapsed = 00:00:00.001 . Memory (MB): peak = 1977.660 ; gain = 0.000
Phase 1.1 Placer Initialization Netlist Sorting | Checksum: 1565a3c73

Time (s): cpu = 00:00:00 ; elapsed = 00:00:00.015 . Memory (MB): peak = 1977.660 ; gain = 0.000
Netlist sorting complete. Time (s): cpu = 00:00:00 ; elapsed = 00:00:00.002 . Memory (MB): peak = 1977.660 ; gain = 0.000

Phase 1.2 IO Placement/ Clock Placement/ Build Placer Device
Phase 1.2 IO Placement/ Clock Placement/ Build Placer Device | Checksum: 10252d6a6

Time (s): cpu = 00:00:01 ; elapsed = 00:00:00.939 . Memory (MB): peak = 1977.660 ; gain = 0.000

Phase 1.3 Build Placer Netlist Model
Phase 1.3 Build Placer Netlist Model | Checksum: 10f74eee2

Time (s): cpu = 00:00:02 ; elapsed = 00:00:02 . Memory (MB): peak = 1977.660 ; gain = 0.000

Phase 1.4 Constrain Clocks/Macros
Phase 1.4 Constrain Clocks/Macros | Checksum: 10f74eee2

Time (s): cpu = 00:00:02 ; elapsed = 00:00:02 . Memory (MB): peak = 1977.660 ; gain = 0.000
Phase 1 Placer Initialization | Checksum: 10f74eee2

Time (s): cpu = 00:00:02 ; elapsed = 00:00:02 . Memory (MB): peak = 1977.660 ; gain = 0.000

Phase 2 Global Placement

Phase 2.1 Floorplanning
Phase 2.1 Floorplanning | Checksum: d31cbd49

Time (s): cpu = 00:00:03 ; elapsed = 00:00:02 . Memory (MB): peak = 1977.660 ; gain = 0.000

Phase 2.2 Update Timing before SLR Path Opt
Phase 2.2 Update Timing before SLR Path Opt | Checksum: eb62024b

Time (s): cpu = 00:00:03 ; elapsed = 00:00:02 . Memory (MB): peak = 1977.660 ; gain = 0.000

Phase 2.3 Post-Processing in Floorplanning
Phase 2.3 Post-Processing in Floorplanning | Checksum: eb62024b

Time (s): cpu = 00:00:03 ; elapsed = 00:00:02 . Memory (MB): peak = 1977.660 ; gain = 0.000

Phase 2.4 Global Place Phase1
Phase 2.4 Global Place Phase1 | Checksum: 3febc4de

Time (s): cpu = 00:00:06 ; elapsed = 00:00:04 . Memory (MB): peak = 1977.660 ; gain = 0.000

Phase 2.5 Global Place Phase2

Phase 2.5.1 UpdateTiming Before Physical Synthesis
Phase 2.5.1 UpdateTiming Before Physical Synthesis | Checksum: 84495a03

Time (s): cpu = 00:00:07 ; elapsed = 00:00:04 . Memory (MB): peak = 1977.660 ; gain = 0.000

Phase 2.5.2 Physical Synthesis In Placer
INFO: [Physopt 32-1035] Found 0 LUTNM shape to break, 78 LUT instances to create LUTNM shape
INFO: [Physopt 32-1044] Break lutnm for timing: one critical 0, two critical 0, total 0, new lutff created 0
INFO: [Physopt 32-1138] End 1 Pass. Optimized 22 nets or LUTs. Breaked 0 LUT, combined 22 existing LUTs and moved 0 existing LUT
INFO: [Physopt 32-65] No nets found for high-fanout optimization.
INFO: [Physopt 32-232] Optimized 0 net. Created 0 new instance.
INFO: [Physopt 32-775] End 1 Pass. Optimized 0 net or cell. Created 0 new cell, deleted 0 existing cell and moved 0 existing cell
INFO: [Physopt 32-670] No setup violation found.  DSP Register Optimization was not performed.
INFO: [Physopt 32-670] No setup violation found.  Shift Register to Pipeline Optimization was not performed.
INFO: [Physopt 32-670] No setup violation found.  Shift Register Optimization was not performed.
INFO: [Physopt 32-670] No setup violation found.  BRAM Register Optimization was not performed.
INFO: [Physopt 32-670] No setup violation found.  URAM Register Optimization was not performed.
INFO: [Physopt 32-949] No candidate nets found for dynamic/static region interface net replication
INFO: [Physopt 32-775] End 1 Pass. Optimized 0 net or cell. Created 0 new cell, deleted 0 existing cell and moved 0 existing cell
Netlist sorting complete. Time (s): cpu = 00:00:00 ; elapsed = 00:00:00.002 . Memory (MB): peak = 1977.660 ; gain = 0.000

Summary of Physical Synthesis Optimizations
============================================


-----------------------------------------------------------------------------------------------------------------------------------------------------------
|  Optimization                                     |  Added Cells  |  Removed Cells  |  Optimized Cells/Nets  |  Dont Touch  |  Iterations  |  Elapsed   |
-----------------------------------------------------------------------------------------------------------------------------------------------------------
|  LUT Combining                                    |            0  |             22  |                    22  |           0  |           1  |  00:00:00  |
|  Retime                                           |            0  |              0  |                     0  |           0  |           1  |  00:00:00  |
|  Very High Fanout                                 |            0  |              0  |                     0  |           0  |           1  |  00:00:00  |
|  DSP Register                                     |            0  |              0  |                     0  |           0  |           0  |  00:00:00  |
|  Shift Register to Pipeline                       |            0  |              0  |                     0  |           0  |           0  |  00:00:00  |
|  Shift Register                                   |            0  |              0  |                     0  |           0  |           0  |  00:00:00  |
|  BRAM Register                                    |            0  |              0  |                     0  |           0  |           0  |  00:00:00  |
|  URAM Register                                    |            0  |              0  |                     0  |           0  |           0  |  00:00:00  |
|  Dynamic/Static Region Interface Net Replication  |            0  |              0  |                     0  |           0  |           1  |  00:00:00  |
|  Total                                            |            0  |             22  |                    22  |           0  |           4  |  00:00:00  |
-----------------------------------------------------------------------------------------------------------------------------------------------------------


Phase 2.5.2 Physical Synthesis In Placer | Checksum: fb671d39

Time (s): cpu = 00:00:07 ; elapsed = 00:00:05 . Memory (MB): peak = 1977.660 ; gain = 0.000
Phase 2.5 Global Place Phase2 | Checksum: 1022a6da0

Time (s): cpu = 00:00:08 ; elapsed = 00:00:05 . Memory (MB): peak = 1977.660 ; gain = 0.000
Phase 2 Global Placement | Checksum: 1022a6da0

Time (s): cpu = 00:00:08 ; elapsed = 00:00:05 . Memory (MB): peak = 1977.660 ; gain = 0.000

Phase 3 Detail Placement

Phase 3.1 Commit Multi Column Macros
Phase 3.1 Commit Multi Column Macros | Checksum: c21cb1fb

Time (s): cpu = 00:00:08 ; elapsed = 00:00:05 . Memory (MB): peak = 1977.660 ; gain = 0.000

Phase 3.2 Commit Most Macros & LUTRAMs
Phase 3.2 Commit Most Macros & LUTRAMs | Checksum: d6b6bda7

Time (s): cpu = 00:00:09 ; elapsed = 00:00:06 . Memory (MB): peak = 1977.660 ; gain = 0.000

Phase 3.3 Area Swap Optimization
Phase 3.3 Area Swap Optimization | Checksum: 19387d215

Time (s): cpu = 00:00:09 ; elapsed = 00:00:06 . Memory (MB): peak = 1977.660 ; gain = 0.000

Phase 3.4 Pipeline Register Optimization
Phase 3.4 Pipeline Register Optimization | Checksum: 18a584e87

Time (s): cpu = 00:00:09 ; elapsed = 00:00:06 . Memory (MB): peak = 1977.660 ; gain = 0.000

Phase 3.5 Small Shape Detail Placement
Phase 3.5 Small Shape Detail Placement | Checksum: 24c8cfdcf

Time (s): cpu = 00:00:10 ; elapsed = 00:00:07 . Memory (MB): peak = 1977.660 ; gain = 0.000

Phase 3.6 Re-assign LUT pins
Phase 3.6 Re-assign LUT pins | Checksum: 258594d48

Time (s): cpu = 00:00:10 ; elapsed = 00:00:07 . Memory (MB): peak = 1977.660 ; gain = 0.000

Phase 3.7 Pipeline Register Optimization
Phase 3.7 Pipeline Register Optimization | Checksum: 25289e0f6

Time (s): cpu = 00:00:10 ; elapsed = 00:00:07 . Memory (MB): peak = 1977.660 ; gain = 0.000
Phase 3 Detail Placement | Checksum: 25289e0f6

Time (s): cpu = 00:00:10 ; elapsed = 00:00:07 . Memory (MB): peak = 1977.660 ; gain = 0.000

Phase 4 Post Placement Optimization and Clean-Up

Phase 4.1 Post Commit Optimization
INFO: [Timing 38-35] Done setting XDC timing constraints.

Phase 4.1.1 Post Placement Optimization
Post Placement Optimization Initialization | Checksum: 21223895c

Phase 4.1.1.1 BUFG Insertion

Starting Physical Synthesis Task

Phase 1 Physical Synthesis Initialization
INFO: [Physopt 32-721] Multithreading enabled for phys_opt_design using a maximum of 2 CPUs
INFO: [Physopt 32-619] Estimated Timing Summary | WNS=2.225 | TNS=0.000 |
Phase 1 Physical Synthesis Initialization | Checksum: 19cbeb53d

Time (s): cpu = 00:00:00 ; elapsed = 00:00:00.060 . Memory (MB): peak = 1977.660 ; gain = 0.000
INFO: [Place 46-56] BUFG insertion identified 0 candidate nets. Inserted BUFG: 0, Replicated BUFG Driver: 0, Skipped due to Placement/Routing Conflicts: 0, Skipped due to Timing Degradation: 0, Skipped due to netlist editing failed: 0.
Ending Physical Synthesis Task | Checksum: 1b197d1fb

Time (s): cpu = 00:00:00 ; elapsed = 00:00:00.075 . Memory (MB): peak = 1977.660 ; gain = 0.000
Phase 4.1.1.1 BUFG Insertion | Checksum: 21223895c

Time (s): cpu = 00:00:11 ; elapsed = 00:00:08 . Memory (MB): peak = 1977.660 ; gain = 0.000

Phase 4.1.1.2 Post Placement Timing Optimization
INFO: [Place 30-746] Post Placement Timing Summary WNS=2.225. For the most accurate timing information please run report_timing.
Phase 4.1.1.2 Post Placement Timing Optimization | Checksum: 1e1491ef5

Time (s): cpu = 00:00:12 ; elapsed = 00:00:08 . Memory (MB): peak = 1977.660 ; gain = 0.000

Time (s): cpu = 00:00:12 ; elapsed = 00:00:08 . Memory (MB): peak = 1977.660 ; gain = 0.000
Phase 4.1 Post Commit Optimization | Checksum: 1e1491ef5

Time (s): cpu = 00:00:12 ; elapsed = 00:00:08 . Memory (MB): peak = 1977.660 ; gain = 0.000

Phase 4.2 Post Placement Cleanup
Phase 4.2 Post Placement Cleanup | Checksum: 1e1491ef5

Time (s): cpu = 00:00:12 ; elapsed = 00:00:08 . Memory (MB): peak = 1977.660 ; gain = 0.000

Phase 4.3 Placer Reporting

Phase 4.3.1 Print Estimated Congestion
INFO: [Place 30-612] Post-Placement Estimated Congestion 
 ____________________________________________________
|           | Global Congestion | Short Congestion  |
| Direction | Region Size       | Region Size       |
|___________|___________________|___________________|
|      North|                1x1|                1x1|
|___________|___________________|___________________|
|      South|                1x1|                1x1|
|___________|___________________|___________________|
|       East|                1x1|                1x1|
|___________|___________________|___________________|
|       West|                1x1|                1x1|
|___________|___________________|___________________|

Phase 4.3.1 Print Estimated Congestion | Checksum: 1e1491ef5

Time (s): cpu = 00:00:12 ; elapsed = 00:00:08 . Memory (MB): peak = 1977.660 ; gain = 0.000
Phase 4.3 Placer Reporting | Checksum: 1e1491ef5

Time (s): cpu = 00:00:12 ; elapsed = 00:00:08 . Memory (MB): peak = 1977.660 ; gain = 0.000

Phase 4.4 Final Placement Cleanup
Netlist sorting complete. Time (s): cpu = 00:00:00 ; elapsed = 00:00:00.001 . Memory (MB): peak = 1977.660 ; gain = 0.000

Time (s): cpu = 00:00:12 ; elapsed = 00:00:08 . Memory (MB): peak = 1977.660 ; gain = 0.000
Phase 4 Post Placement Optimization and Clean-Up | Checksum: 144606d61

Time (s): cpu = 00:00:12 ; elapsed = 00:00:08 . Memory (MB): peak = 1977.660 ; gain = 0.000
Ending Placer Task | Checksum: 9ad4c7cb

Time (s): cpu = 00:00:12 ; elapsed = 00:00:08 . Memory (MB): peak = 1977.660 ; gain = 0.000
76 Infos, 0 Warnings, 0 Critical Warnings and 0 Errors encountered.
place_design completed successfully
place_design: Time (s): cpu = 00:00:15 ; elapsed = 00:00:11 . Memory (MB): peak = 1977.660 ; gain = 0.000
INFO: [Vivado 12-24838] Running report commands "report_control_sets, report_io, report_utilization" in parallel.
Running report generation with 2 threads.
INFO: [Vivado 12-24828] Executing command : report_utilization -file first_zynq_system_wrapper_utilization_placed.rpt -pb first_zynq_system_wrapper_utilization_placed.pb
INFO: [Vivado 12-24828] Executing command : report_control_sets -verbose -file first_zynq_system_wrapper_control_sets_placed.rpt
report_control_sets: Time (s): cpu = 00:00:00 ; elapsed = 00:00:00.016 . Memory (MB): peak = 1977.660 ; gain = 0.000
INFO: [Vivado 12-24828] Executing command : report_io -file first_zynq_system_wrapper_io_placed.rpt
report_io: Time (s): cpu = 00:00:00 ; elapsed = 00:00:00.253 . Memory (MB): peak = 1977.660 ; gain = 0.000
INFO: [Timing 38-480] Writing timing data to binary archive.
Wrote PlaceDB: Time (s): cpu = 00:00:00 ; elapsed = 00:00:00 . Memory (MB): peak = 1977.660 ; gain = 0.000
Wrote PulsedLatchDB: Time (s): cpu = 00:00:00 ; elapsed = 00:00:00 . Memory (MB): peak = 1977.660 ; gain = 0.000
Writing XDEF routing.
Write ShapeDB Complete: Time (s): cpu = 00:00:00 ; elapsed = 00:00:00.028 . Memory (MB): peak = 1977.660 ; gain = 0.000
Writing XDEF routing logical nets.
Writing XDEF routing special nets.
Wrote RouteStorage: Time (s): cpu = 00:00:00 ; elapsed = 00:00:00.061 . Memory (MB): peak = 1977.660 ; gain = 0.000
Wrote PlaceStorage: Time (s): cpu = 00:00:01 ; elapsed = 00:00:00.130 . Memory (MB): peak = 1977.660 ; gain = 0.000
Wrote Netlist Cache: Time (s): cpu = 00:00:00 ; elapsed = 00:00:00.007 . Memory (MB): peak = 1977.660 ; gain = 0.000
Wrote Device Cache: Time (s): cpu = 00:00:00 ; elapsed = 00:00:00.024 . Memory (MB): peak = 1977.660 ; gain = 0.000
Write Physdb Complete: Time (s): cpu = 00:00:01 ; elapsed = 00:00:00.246 . Memory (MB): peak = 1977.660 ; gain = 0.000
INFO: [Common 17-1381] The checkpoint 'E:/Vivado/PROJECT/first_zynq_design/first_zynq_design.runs/impl_1/first_zynq_system_wrapper_placed.dcp' has been generated.
Command: phys_opt_design
Attempting to get a license for feature 'Implementation' and/or device 'xc7z020'
INFO: [Common 17-349] Got license for feature 'Implementation' and/or device 'xc7z020'

Starting Initial Update Timing Task

Time (s): cpu = 00:00:01 ; elapsed = 00:00:00.373 . Memory (MB): peak = 1977.660 ; gain = 0.000
INFO: [Vivado_Tcl 4-2279] Estimated Timing Summary | WNS= 2.225 | TNS= 0.000 | 
INFO: [Vivado_Tcl 4-383] Design worst setup slack (WNS) is greater than or equal to 0.000 ns. All physical synthesis setup optimizations will be skipped.
INFO: [Vivado_Tcl 4-232] No setup violation found. The netlist was not modified.
INFO: [Common 17-83] Releasing license: Implementation
87 Infos, 0 Warnings, 0 Critical Warnings and 0 Errors encountered.
phys_opt_design completed successfully
INFO: [Timing 38-480] Writing timing data to binary archive.
Wrote PlaceDB: Time (s): cpu = 00:00:00 ; elapsed = 00:00:00 . Memory (MB): peak = 1977.660 ; gain = 0.000
Wrote PulsedLatchDB: Time (s): cpu = 00:00:00 ; elapsed = 00:00:00 . Memory (MB): peak = 1977.660 ; gain = 0.000
Writing XDEF routing.
Write ShapeDB Complete: Time (s): cpu = 00:00:00 ; elapsed = 00:00:00.023 . Memory (MB): peak = 1977.660 ; gain = 0.000
Writing XDEF routing logical nets.
Writing XDEF routing special nets.
Wrote RouteStorage: Time (s): cpu = 00:00:00 ; elapsed = 00:00:00.053 . Memory (MB): peak = 1977.660 ; gain = 0.000
Wrote PlaceStorage: Time (s): cpu = 00:00:01 ; elapsed = 00:00:00.115 . Memory (MB): peak = 1977.660 ; gain = 0.000
Wrote Netlist Cache: Time (s): cpu = 00:00:00 ; elapsed = 00:00:00.006 . Memory (MB): peak = 1977.660 ; gain = 0.000
Wrote Device Cache: Time (s): cpu = 00:00:00 ; elapsed = 00:00:00.024 . Memory (MB): peak = 1977.660 ; gain = 0.000
Write Physdb Complete: Time (s): cpu = 00:00:01 ; elapsed = 00:00:00.220 . Memory (MB): peak = 1977.660 ; gain = 0.000
INFO: [Common 17-1381] The checkpoint 'E:/Vivado/PROJECT/first_zynq_design/first_zynq_design.runs/impl_1/first_zynq_system_wrapper_physopt.dcp' has been generated.
Command: route_design
Attempting to get a license for feature 'Implementation' and/or device 'xc7z020'
INFO: [Common 17-349] Got license for feature 'Implementation' and/or device 'xc7z020'


Starting Routing Task
INFO: [Route 35-254] Multithreading enabled for route_design using a maximum of 2 CPUs

Phase 1 Build RT Design
Checksum: PlaceDB: ffcda4c ConstDB: 0 ShapeSum: 74de7a8f RouteDB: 15f972f0
Post Restoration Checksum: NetGraph: ab5788be | NumContArr: 51e74bb7 | Constraints: c2a8fa9d | Timing: c2a8fa9d
Phase 1 Build RT Design | Checksum: 28290c9af

Time (s): cpu = 00:00:46 ; elapsed = 00:00:42 . Memory (MB): peak = 1977.660 ; gain = 0.000

Phase 2 Router Initialization

Phase 2.1 Fix Topology Constraints
Phase 2.1 Fix Topology Constraints | Checksum: 28290c9af

Time (s): cpu = 00:00:46 ; elapsed = 00:00:42 . Memory (MB): peak = 1977.660 ; gain = 0.000

Phase 2.2 Pre Route Cleanup
Phase 2.2 Pre Route Cleanup | Checksum: 28290c9af

Time (s): cpu = 00:00:46 ; elapsed = 00:00:42 . Memory (MB): peak = 1977.660 ; gain = 0.000
 Number of Nodes with overlaps = 0

Phase 2.3 Update Timing
Phase 2.3 Update Timing | Checksum: 345c67318

Time (s): cpu = 00:00:48 ; elapsed = 00:00:43 . Memory (MB): peak = 1977.660 ; gain = 0.000
INFO: [Route 35-416] Intermediate Timing Summary | WNS=2.224  | TNS=0.000  | WHS=-0.142 | THS=-14.079|


Phase 2.4 Soft Constraint Pins - Fast Budgeting
Phase 2.4 Soft Constraint Pins - Fast Budgeting | Checksum: 3292478b8

Time (s): cpu = 00:00:48 ; elapsed = 00:00:43 . Memory (MB): peak = 1977.660 ; gain = 0.000

Router Utilization Summary
  Global Vertical Routing Utilization    = 0 %
  Global Horizontal Routing Utilization  = 0 %
  Routable Net Status*
  *Does not include unroutable nets such as driverless and loadless.
  Run report_route_status for detailed report.
  Number of Failed Nets               = 1268
    (Failed Nets is the sum of unrouted and partially routed nets)
  Number of Unrouted Nets             = 1268
  Number of Partially Routed Nets     = 0
  Number of Node Overlaps             = 0

Phase 2 Router Initialization | Checksum: 2d0ec7575

Time (s): cpu = 00:00:49 ; elapsed = 00:00:43 . Memory (MB): peak = 1977.660 ; gain = 0.000

Phase 3 Global Routing
Phase 3 Global Routing | Checksum: 2d0ec7575

Time (s): cpu = 00:00:49 ; elapsed = 00:00:43 . Memory (MB): peak = 1977.660 ; gain = 0.000

Phase 4 Initial Routing

Phase 4.1 Initial Net Routing Pass
Phase 4.1 Initial Net Routing Pass | Checksum: 2be0d36db

Time (s): cpu = 00:00:49 ; elapsed = 00:00:43 . Memory (MB): peak = 1977.660 ; gain = 0.000
Phase 4 Initial Routing | Checksum: 2be0d36db

Time (s): cpu = 00:00:49 ; elapsed = 00:00:43 . Memory (MB): peak = 1977.660 ; gain = 0.000

Phase 5 Rip-up And Reroute

Phase 5.1 Global Iteration 0
 Number of Nodes with overlaps = 107
 Number of Nodes with overlaps = 14
 Number of Nodes with overlaps = 5
 Number of Nodes with overlaps = 1
 Number of Nodes with overlaps = 0
INFO: [Route 35-416] Intermediate Timing Summary | WNS=2.209  | TNS=0.000  | WHS=N/A    | THS=N/A    |

Phase 5.1 Global Iteration 0 | Checksum: 2678f6fee

Time (s): cpu = 00:00:50 ; elapsed = 00:00:44 . Memory (MB): peak = 1977.660 ; gain = 0.000

Phase 5.2 Global Iteration 1
 Number of Nodes with overlaps = 2
 Number of Nodes with overlaps = 0
INFO: [Route 35-416] Intermediate Timing Summary | WNS=2.101  | TNS=0.000  | WHS=N/A    | THS=N/A    |

Phase 5.2 Global Iteration 1 | Checksum: 19f94c02c

Time (s): cpu = 00:00:50 ; elapsed = 00:00:44 . Memory (MB): peak = 1977.660 ; gain = 0.000
Phase 5 Rip-up And Reroute | Checksum: 19f94c02c

Time (s): cpu = 00:00:50 ; elapsed = 00:00:44 . Memory (MB): peak = 1977.660 ; gain = 0.000

Phase 6 Delay and Skew Optimization

Phase 6.1 Delay CleanUp
Phase 6.1 Delay CleanUp | Checksum: 19f94c02c

Time (s): cpu = 00:00:50 ; elapsed = 00:00:44 . Memory (MB): peak = 1977.660 ; gain = 0.000

Phase 6.2 Clock Skew Optimization
Phase 6.2 Clock Skew Optimization | Checksum: 19f94c02c

Time (s): cpu = 00:00:50 ; elapsed = 00:00:44 . Memory (MB): peak = 1977.660 ; gain = 0.000
Phase 6 Delay and Skew Optimization | Checksum: 19f94c02c

Time (s): cpu = 00:00:50 ; elapsed = 00:00:44 . Memory (MB): peak = 1977.660 ; gain = 0.000

Phase 7 Post Hold Fix

Phase 7.1 Hold Fix Iter
INFO: [Route 35-416] Intermediate Timing Summary | WNS=2.251  | TNS=0.000  | WHS=0.104  | THS=0.000  |

Phase 7.1 Hold Fix Iter | Checksum: 1df235ab1

Time (s): cpu = 00:00:50 ; elapsed = 00:00:44 . Memory (MB): peak = 1977.660 ; gain = 0.000
Phase 7 Post Hold Fix | Checksum: 1df235ab1

Time (s): cpu = 00:00:50 ; elapsed = 00:00:44 . Memory (MB): peak = 1977.660 ; gain = 0.000

Phase 8 Route finalize

Router Utilization Summary
  Global Vertical Routing Utilization    = 0.136222 %
  Global Horizontal Routing Utilization  = 0.174696 %
  Routable Net Status*
  *Does not include unroutable nets such as driverless and loadless.
  Run report_route_status for detailed report.
  Number of Failed Nets               = 0
    (Failed Nets is the sum of unrouted and partially routed nets)
  Number of Unrouted Nets             = 0
  Number of Partially Routed Nets     = 0
  Number of Node Overlaps             = 0

Phase 8 Route finalize | Checksum: 1df235ab1

Time (s): cpu = 00:00:51 ; elapsed = 00:00:45 . Memory (MB): peak = 1977.660 ; gain = 0.000

Phase 9 Verifying routed nets

 Verification completed successfully
Phase 9 Verifying routed nets | Checksum: 1df235ab1

Time (s): cpu = 00:00:51 ; elapsed = 00:00:45 . Memory (MB): peak = 1977.660 ; gain = 0.000

Phase 10 Depositing Routes
Phase 10 Depositing Routes | Checksum: 241d14d92

Time (s): cpu = 00:00:51 ; elapsed = 00:00:45 . Memory (MB): peak = 1977.660 ; gain = 0.000

Phase 11 Post Process Routing
Phase 11 Post Process Routing | Checksum: 241d14d92

Time (s): cpu = 00:00:51 ; elapsed = 00:00:45 . Memory (MB): peak = 1977.660 ; gain = 0.000

Phase 12 Post Router Timing
INFO: [Route 35-57] Estimated Timing Summary | WNS=2.251  | TNS=0.000  | WHS=0.104  | THS=0.000  |

INFO: [Route 35-327] The final timing numbers are based on the router estimated timing analysis. For a complete and accurate timing signoff, please run report_timing_summary.
Phase 12 Post Router Timing | Checksum: 241d14d92

Time (s): cpu = 00:00:51 ; elapsed = 00:00:45 . Memory (MB): peak = 1977.660 ; gain = 0.000
Total Elapsed time in route_design: 44.838 secs

Phase 13 Post-Route Event Processing
Phase 13 Post-Route Event Processing | Checksum: 1cc10ecb2

Time (s): cpu = 00:00:51 ; elapsed = 00:00:45 . Memory (MB): peak = 1977.660 ; gain = 0.000
INFO: [Route 35-16] Router Completed Successfully
Ending Routing Task | Checksum: 1cc10ecb2

Time (s): cpu = 00:00:51 ; elapsed = 00:00:45 . Memory (MB): peak = 1977.660 ; gain = 0.000

Routing Is Done.
INFO: [Common 17-83] Releasing license: Implementation
99 Infos, 0 Warnings, 0 Critical Warnings and 0 Errors encountered.
route_design completed successfully
route_design: Time (s): cpu = 00:00:51 ; elapsed = 00:00:45 . Memory (MB): peak = 1977.660 ; gain = 0.000
INFO: [Vivado 12-24828] Executing command : report_drc -file first_zynq_system_wrapper_drc_routed.rpt -pb first_zynq_system_wrapper_drc_routed.pb -rpx first_zynq_system_wrapper_drc_routed.rpx
Command: report_drc -file first_zynq_system_wrapper_drc_routed.rpt -pb first_zynq_system_wrapper_drc_routed.pb -rpx first_zynq_system_wrapper_drc_routed.rpx
INFO: [IP_Flow 19-1839] IP Catalog is up to date.
INFO: [DRC 23-27] Running DRC with 2 threads
INFO: [Vivado_Tcl 2-168] The results of DRC are in file E:/Vivado/PROJECT/first_zynq_design/first_zynq_design.runs/impl_1/first_zynq_system_wrapper_drc_routed.rpt.
report_drc completed successfully
INFO: [Vivado 12-24828] Executing command : report_methodology -file first_zynq_system_wrapper_methodology_drc_routed.rpt -pb first_zynq_system_wrapper_methodology_drc_routed.pb -rpx first_zynq_system_wrapper_methodology_drc_routed.rpx
Command: report_methodology -file first_zynq_system_wrapper_methodology_drc_routed.rpt -pb first_zynq_system_wrapper_methodology_drc_routed.pb -rpx first_zynq_system_wrapper_methodology_drc_routed.rpx
INFO: [Timing 38-35] Done setting XDC timing constraints.
INFO: [DRC 23-133] Running Methodology with 2 threads
INFO: [Vivado_Tcl 2-1520] The results of Report Methodology are in file E:/Vivado/PROJECT/first_zynq_design/first_zynq_design.runs/impl_1/first_zynq_system_wrapper_methodology_drc_routed.rpt.
report_methodology completed successfully
INFO: [Vivado 12-24828] Executing command : report_timing_summary -max_paths 10 -routable_nets -report_unconstrained -file first_zynq_system_wrapper_timing_summary_routed.rpt -pb first_zynq_system_wrapper_timing_summary_routed.pb -rpx first_zynq_system_wrapper_timing_summary_routed.rpx -warn_on_violation 
INFO: [Timing 38-35] Done setting XDC timing constraints.
INFO: [Timing 38-91] UpdateTimingParams: Speed grade: -1, Delay Type: min_max.
INFO: [Timing 38-191] Multithreading enabled for timing update using a maximum of 2 CPUs
INFO: [Vivado 12-24838] Running report commands "report_incremental_reuse, report_route_status" in parallel.
Running report generation with 2 threads.
INFO: [Vivado 12-24828] Executing command : report_incremental_reuse -file first_zynq_system_wrapper_incremental_reuse_routed.rpt
INFO: [Vivado_Tcl 4-1062] Incremental flow is disabled. No incremental reuse Info to report.
INFO: [Vivado 12-24828] Executing command : report_route_status -file first_zynq_system_wrapper_route_status.rpt -pb first_zynq_system_wrapper_route_status.pb
INFO: [Vivado 12-24828] Executing command : report_power -file first_zynq_system_wrapper_power_routed.rpt -pb first_zynq_system_wrapper_power_summary_routed.pb -rpx first_zynq_system_wrapper_power_routed.rpx
Command: report_power -file first_zynq_system_wrapper_power_routed.rpt -pb first_zynq_system_wrapper_power_summary_routed.pb -rpx first_zynq_system_wrapper_power_routed.rpx
Running Vector-less Activity Propagation...

Finished Running Vector-less Activity Propagation
116 Infos, 0 Warnings, 0 Critical Warnings and 0 Errors encountered.
report_power completed successfully
INFO: [Vivado 12-24828] Executing command : report_clock_utilization -file first_zynq_system_wrapper_clock_utilization_routed.rpt
INFO: [Vivado 12-24828] Executing command : report_bus_skew -warn_on_violation -file first_zynq_system_wrapper_bus_skew_routed.rpt -pb first_zynq_system_wrapper_bus_skew_routed.pb -rpx first_zynq_system_wrapper_bus_skew_routed.rpx
INFO: [Timing 38-91] UpdateTimingParams: Speed grade: -1, Delay Type: min_max.
INFO: [Timing 38-191] Multithreading enabled for timing update using a maximum of 2 CPUs
generate_parallel_reports: Time (s): cpu = 00:00:11 ; elapsed = 00:00:08 . Memory (MB): peak = 1977.660 ; gain = 0.000
INFO: [Timing 38-480] Writing timing data to binary archive.
Wrote PlaceDB: Time (s): cpu = 00:00:00 ; elapsed = 00:00:00 . Memory (MB): peak = 1977.660 ; gain = 0.000
Wrote PulsedLatchDB: Time (s): cpu = 00:00:00 ; elapsed = 00:00:00 . Memory (MB): peak = 1977.660 ; gain = 0.000
Writing XDEF routing.
Write ShapeDB Complete: Time (s): cpu = 00:00:00 ; elapsed = 00:00:00.019 . Memory (MB): peak = 1977.660 ; gain = 0.000
Writing XDEF routing logical nets.
Writing XDEF routing special nets.
Wrote RouteStorage: Time (s): cpu = 00:00:01 ; elapsed = 00:00:00.089 . Memory (MB): peak = 1977.660 ; gain = 0.000
Wrote PlaceStorage: Time (s): cpu = 00:00:00 ; elapsed = 00:00:00.146 . Memory (MB): peak = 1977.660 ; gain = 0.000
Wrote Netlist Cache: Time (s): cpu = 00:00:00 ; elapsed = 00:00:00.006 . Memory (MB): peak = 1977.660 ; gain = 0.000
Wrote Device Cache: Time (s): cpu = 00:00:00 ; elapsed = 00:00:00.023 . Memory (MB): peak = 1977.660 ; gain = 0.000
Write Physdb Complete: Time (s): cpu = 00:00:01 ; elapsed = 00:00:00.291 . Memory (MB): peak = 1977.660 ; gain = 0.000
INFO: [Common 17-1381] The checkpoint 'E:/Vivado/PROJECT/first_zynq_design/first_zynq_design.runs/impl_1/first_zynq_system_wrapper_routed.dcp' has been generated.
Command: write_bitstream -force first_zynq_system_wrapper.bit
Attempting to get a license for feature 'Implementation' and/or device 'xc7z020'
INFO: [Common 17-349] Got license for feature 'Implementation' and/or device 'xc7z020'
Running DRC as a precondition to command write_bitstream
INFO: [IP_Flow 19-1839] IP Catalog is up to date.
INFO: [DRC 23-27] Running DRC with 2 threads
INFO: [Vivado 12-3199] DRC finished with 0 Errors
INFO: [Vivado 12-3200] Please refer to the DRC report (report_drc) for more information.
Integrating Hard IP ELF/MEM with the PDI.
INFO: [Designutils 20-2272] Running write_bitstream with 2 threads.
Loading data files...
Loading site data...
Loading route data...
Processing options...
Creating bitmap...
Creating bitstream...
Writing bitstream ./first_zynq_system_wrapper.bit...
INFO: [Vivado 12-1842] Bitgen Completed Successfully.
INFO: [Common 17-83] Releasing license: Implementation
130 Infos, 0 Warnings, 0 Critical Warnings and 0 Errors encountered.
write_bitstream completed successfully
write_bitstream: Time (s): cpu = 00:00:23 ; elapsed = 00:00:19 . Memory (MB): peak = 2254.820 ; gain = 277.160
INFO: [Common 17-206] Exiting Vivado at Wed May 20 15:27:38 2026...
